MPLINK 4.37, Linker
Linker Map File - Created Sun Nov 29 20:37:19 2015

                                 Section Info
                  Section       Type    Address   Location Size(Bytes)
                ---------  ---------  ---------  ---------  ---------
                   .org_0       code   0x000000    program   0x000000
                   .org_1       code   0x000000    program   0x00005e



                              Program Memory Usage 
                               Start         End      
                           ---------   ---------      
                            0x000000    0x00002e      
            47 out of 8453 program addresses used, program memory utilization is 0%



                              Symbols - Sorted by Name
                     Name    Address   Location    Storage File                     
                ---------  ---------  ---------  --------- ---------                
              ANA_PROGRAM   0x000000    program     static D:\mplab\USART\USART.asm 
                    DONGU   0x000007    program     static D:\mplab\USART\USART.asm 
                   DONGU1   0x000028    program     static D:\mplab\USART\USART.asm 
                   DONGU2   0x00002a    program     static D:\mplab\USART\USART.asm 
                  GECÝKME   0x000026    program     static D:\mplab\USART\USART.asm 
               RS232_INIT   0x00000a    program     static D:\mplab\USART\USART.asm 
             RS232_VERÝAL   0x00001f    program     static D:\mplab\USART\USART.asm 



                              Symbols - Sorted by Address
                     Name    Address   Location    Storage File                     
                ---------  ---------  ---------  --------- ---------                
              ANA_PROGRAM   0x000000    program     static D:\mplab\USART\USART.asm 
                    DONGU   0x000007    program     static D:\mplab\USART\USART.asm 
               RS232_INIT   0x00000a    program     static D:\mplab\USART\USART.asm 
             RS232_VERÝAL   0x00001f    program     static D:\mplab\USART\USART.asm 
                  GECÝKME   0x000026    program     static D:\mplab\USART\USART.asm 
                   DONGU1   0x000028    program     static D:\mplab\USART\USART.asm 
                   DONGU2   0x00002a    program     static D:\mplab\USART\USART.asm 


