MPLINK 4.37, Linker
Linker Map File - Created Sat Jan 01 20:18:35 2011

                                 Section Info
                  Section       Type    Address   Location Size(Bytes)
                ---------  ---------  ---------  ---------  ---------
                   .org_0       code   0x000000    program   0x000002
                   .org_1       code   0x000004    program   0x000028
                   .cinit    romdata   0x001800    program   0x000004



                              Program Memory Usage 
                               Start         End      
                           ---------   ---------      
                            0x000000    0x000000      
                            0x000004    0x000017      
                            0x001800    0x001801      
            23 out of 8453 program addresses used, program memory utilization is 0%



                              Symbols - Sorted by Name
                     Name    Address   Location    Storage File                     
                ---------  ---------  ---------  --------- ---------                
                    Basla   0x000005    program     static C:\Users\Harun\Desktop\PIC\MpLab\Hadi ama\Untitled.asm
                      don   0x000011    program     static C:\Users\Harun\Desktop\PIC\MpLab\Hadi ama\Untitled.asm
                    kesme   0x000012    program     static C:\Users\Harun\Desktop\PIC\MpLab\Hadi ama\Untitled.asm



                              Symbols - Sorted by Address
                     Name    Address   Location    Storage File                     
                ---------  ---------  ---------  --------- ---------                
                    Basla   0x000005    program     static C:\Users\Harun\Desktop\PIC\MpLab\Hadi ama\Untitled.asm
                      don   0x000011    program     static C:\Users\Harun\Desktop\PIC\MpLab\Hadi ama\Untitled.asm
                    kesme   0x000012    program     static C:\Users\Harun\Desktop\PIC\MpLab\Hadi ama\Untitled.asm


