MPLINK 4.49, Linker
Linker Map File - Created Thu Dec 17 23:39:42 2015

                                 Section Info
                  Section       Type    Address   Location Size(Bytes)
                ---------  ---------  ---------  ---------  ---------
                   .org_0       code   0x000000    program   0x000000
                   .org_1       code   0x000000    program   0x000086



                              Program Memory Usage 
                               Start         End      
                           ---------   ---------      
                            0x000000    0x000042      
            67 out of 8454 program addresses used, program memory utilization is 0%



                              Symbols - Sorted by Name
                     Name    Address   Location    Storage File                     
                ---------  ---------  ---------  --------- ---------                
              ANA_PROGRAM   0x000000    program     static D:\EEPROM1\eeprom.asm    
                    ARTIR   0x000011    program     static D:\EEPROM1\eeprom.asm    
                    AZALT   0x000019    program     static D:\EEPROM1\eeprom.asm    
             EEPROM_ADRES   0x000021    program     static D:\EEPROM1\eeprom.asm    
               EEPROM_OKU   0x000027    program     static D:\EEPROM1\eeprom.asm    
               EEPROM_YAZ   0x000030    program     static D:\EEPROM1\eeprom.asm    
                     MAIN   0x00000c    program     static D:\EEPROM1\eeprom.asm    



                              Symbols - Sorted by Address
                     Name    Address   Location    Storage File                     
                ---------  ---------  ---------  --------- ---------                
              ANA_PROGRAM   0x000000    program     static D:\EEPROM1\eeprom.asm    
                     MAIN   0x00000c    program     static D:\EEPROM1\eeprom.asm    
                    ARTIR   0x000011    program     static D:\EEPROM1\eeprom.asm    
                    AZALT   0x000019    program     static D:\EEPROM1\eeprom.asm    
             EEPROM_ADRES   0x000021    program     static D:\EEPROM1\eeprom.asm    
               EEPROM_OKU   0x000027    program     static D:\EEPROM1\eeprom.asm    
               EEPROM_YAZ   0x000030    program     static D:\EEPROM1\eeprom.asm    


