MPLINK 4.37, Linker
Linker Map File - Created Tue Nov 10 02:20:01 2015

                                 Section Info
                  Section       Type    Address   Location Size(Bytes)
                ---------  ---------  ---------  ---------  ---------
                   .org_0       code   0x000000    program   0x000000
                   .org_1       code   0x000000    program   0x000002
                   .org_2       code   0x000004    program   0x0000a0



                              Program Memory Usage 
                               Start         End      
                           ---------   ---------      
                            0x000000    0x000000      
                            0x000004    0x000053      
            81 out of 8453 program addresses used, program memory utilization is 0%



                              Symbols - Sorted by Name
                     Name    Address   Location    Storage File                     
                ---------  ---------  ---------  --------- ---------                
                     DENE   0x000040    program     static D:\mplab\denemeler\deneme.asm
                      DON   0x000053    program     static D:\mplab\denemeler\deneme.asm
                    KESME   0x000029    program     static D:\mplab\denemeler\deneme.asm
                PORTB_YAK   0x000037    program     static D:\mplab\denemeler\deneme.asm
                    START   0x000005    program     static D:\mplab\denemeler\deneme.asm
                TMR0_DENE   0x000033    program     static D:\mplab\denemeler\deneme.asm
                      YAK   0x000048    program     static D:\mplab\denemeler\deneme.asm



                              Symbols - Sorted by Address
                     Name    Address   Location    Storage File                     
                ---------  ---------  ---------  --------- ---------                
                    START   0x000005    program     static D:\mplab\denemeler\deneme.asm
                    KESME   0x000029    program     static D:\mplab\denemeler\deneme.asm
                TMR0_DENE   0x000033    program     static D:\mplab\denemeler\deneme.asm
                PORTB_YAK   0x000037    program     static D:\mplab\denemeler\deneme.asm
                     DENE   0x000040    program     static D:\mplab\denemeler\deneme.asm
                      YAK   0x000048    program     static D:\mplab\denemeler\deneme.asm
                      DON   0x000053    program     static D:\mplab\denemeler\deneme.asm


