MPLINK 4.37, Linker
Linker Map File - Created Sun Dec 26 11:01:09 2010

                                 Section Info
                  Section       Type    Address   Location Size(Bytes)
                ---------  ---------  ---------  ---------  ---------
                   .org_0       code   0x000000    program   0x000000
                   .org_1       code   0x000000    program   0x000002
                   .org_2       code   0x000004    program   0x00003a



                              Program Memory Usage 
                               Start         End      
                           ---------   ---------      
                            0x000000    0x000000      
                            0x000004    0x000020      
            30 out of 8453 program addresses used, program memory utilization is 0%



                              Symbols - Sorted by Name
                     Name    Address   Location    Storage File                     
                ---------  ---------  ---------  --------- ---------                
               anaprogram   0x000005    program     static D:\Yeni Klasör\100micro çalýþmalar\Timer Programlarý\1 -- Timer0 Led Sayýcý\dos.asm
                    kesme   0x000016    program     static D:\Yeni Klasör\100micro çalýþmalar\Timer Programlarý\1 -- Timer0 Led Sayýcý\dos.asm



                              Symbols - Sorted by Address
                     Name    Address   Location    Storage File                     
                ---------  ---------  ---------  --------- ---------                
               anaprogram   0x000005    program     static D:\Yeni Klasör\100micro çalýþmalar\Timer Programlarý\1 -- Timer0 Led Sayýcý\dos.asm
                    kesme   0x000016    program     static D:\Yeni Klasör\100micro çalýþmalar\Timer Programlarý\1 -- Timer0 Led Sayýcý\dos.asm


