MPLINK 4.37, Linker
Linker Map File - Created Mon Dec 27 22:13:29 2010

                                 Section Info
                  Section       Type    Address   Location Size(Bytes)
                ---------  ---------  ---------  ---------  ---------
                   .org_0       code   0x000000    program   0x000000
                   .org_1       code   0x000000    program   0x000002
                   .org_2       code   0x000004    program   0x000066



                              Program Memory Usage 
                               Start         End      
                           ---------   ---------      
                            0x000000    0x000000      
                            0x000004    0x000036      
            52 out of 8453 program addresses used, program memory utilization is 0%



                              Symbols - Sorted by Name
                     Name    Address   Location    Storage File                     
                ---------  ---------  ---------  --------- ---------                
               anaprogram   0x000005    program     static D:\Yeni Klasör\100micro çalýþmalar\Kesmeler\RB4 -- RB7 Kesmesi\dos.asm
                    dongu   0x000016    program     static D:\Yeni Klasör\100micro çalýþmalar\Kesmeler\RB4 -- RB7 Kesmesi\dos.asm
                   dongu0   0x00002c    program     static D:\Yeni Klasör\100micro çalýþmalar\Kesmeler\RB4 -- RB7 Kesmesi\dos.asm
                   dongu1   0x00002e    program     static D:\Yeni Klasör\100micro çalýþmalar\Kesmeler\RB4 -- RB7 Kesmesi\dos.asm
                   dongu2   0x000030    program     static D:\Yeni Klasör\100micro çalýþmalar\Kesmeler\RB4 -- RB7 Kesmesi\dos.asm
                  gecikme   0x00002b    program     static D:\Yeni Klasör\100micro çalýþmalar\Kesmeler\RB4 -- RB7 Kesmesi\dos.asm
                    kesme   0x000021    program     static D:\Yeni Klasör\100micro çalýþmalar\Kesmeler\RB4 -- RB7 Kesmesi\dos.asm
                      uyu   0x00001c    program     static D:\Yeni Klasör\100micro çalýþmalar\Kesmeler\RB4 -- RB7 Kesmesi\dos.asm



                              Symbols - Sorted by Address
                     Name    Address   Location    Storage File                     
                ---------  ---------  ---------  --------- ---------                
               anaprogram   0x000005    program     static D:\Yeni Klasör\100micro çalýþmalar\Kesmeler\RB4 -- RB7 Kesmesi\dos.asm
                    dongu   0x000016    program     static D:\Yeni Klasör\100micro çalýþmalar\Kesmeler\RB4 -- RB7 Kesmesi\dos.asm
                      uyu   0x00001c    program     static D:\Yeni Klasör\100micro çalýþmalar\Kesmeler\RB4 -- RB7 Kesmesi\dos.asm
                    kesme   0x000021    program     static D:\Yeni Klasör\100micro çalýþmalar\Kesmeler\RB4 -- RB7 Kesmesi\dos.asm
                  gecikme   0x00002b    program     static D:\Yeni Klasör\100micro çalýþmalar\Kesmeler\RB4 -- RB7 Kesmesi\dos.asm
                   dongu0   0x00002c    program     static D:\Yeni Klasör\100micro çalýþmalar\Kesmeler\RB4 -- RB7 Kesmesi\dos.asm
                   dongu1   0x00002e    program     static D:\Yeni Klasör\100micro çalýþmalar\Kesmeler\RB4 -- RB7 Kesmesi\dos.asm
                   dongu2   0x000030    program     static D:\Yeni Klasör\100micro çalýþmalar\Kesmeler\RB4 -- RB7 Kesmesi\dos.asm


