MPLINK 4.37, Linker
Linker Map File - Created Mon Dec 27 22:25:11 2010

                                 Section Info
                  Section       Type    Address   Location Size(Bytes)
                ---------  ---------  ---------  ---------  ---------
                   .org_0       code   0x000000    program   0x000000
                   .org_1       code   0x000000    program   0x000002
                   .org_2       code   0x000004    program   0x000198



                              Program Memory Usage 
                               Start         End      
                           ---------   ---------      
                            0x000000    0x000000      
                            0x000004    0x0000cf      
            205 out of 8453 program addresses used, program memory utilization is 2%



                              Symbols - Sorted by Name
                     Name    Address   Location    Storage File                     
                ---------  ---------  ---------  --------- ---------                
                   Ana_j0   0x0000b8    program     static D:\Yeni Klasör\100micro çalýþmalar\LCD Programlarý\4Bit LCD 1\dos.asm
                LCD_Clear   0x00004d    program     static D:\Yeni Klasör\100micro çalýþmalar\LCD Programlarý\4Bit LCD 1\dos.asm
            LCD_CursorOff   0x000055    program     static D:\Yeni Klasör\100micro çalýþmalar\LCD Programlarý\4Bit LCD 1\dos.asm
             LCD_CursorOn   0x000052    program     static D:\Yeni Klasör\100micro çalýþmalar\LCD Programlarý\4Bit LCD 1\dos.asm
            LCD_NybbleOut   0x000026    program     static D:\Yeni Klasör\100micro çalýþmalar\LCD Programlarý\4Bit LCD 1\dos.asm
                 LCD_SMsg   0x00008f    program     static D:\Yeni Klasör\100micro çalýþmalar\LCD Programlarý\4Bit LCD 1\dos.asm
             LCD_SendCHAR   0x000041    program     static D:\Yeni Klasör\100micro çalýþmalar\LCD Programlarý\4Bit LCD 1\dos.asm
              LCD_SendCmd   0x000035    program     static D:\Yeni Klasör\100micro çalýþmalar\LCD Programlarý\4Bit LCD 1\dos.asm
          LCD_SendMessage   0x00008e    program     static D:\Yeni Klasör\100micro çalýþmalar\LCD Programlarý\4Bit LCD 1\dos.asm
               LCD_SetPos   0x000097    program     static D:\Yeni Klasör\100micro çalýþmalar\LCD Programlarý\4Bit LCD 1\dos.asm
                 LCD_init   0x000058    program     static D:\Yeni Klasör\100micro çalýþmalar\LCD Programlarý\4Bit LCD 1\dos.asm
               anaprogram   0x0000b7    program     static D:\Yeni Klasör\100micro çalýþmalar\LCD Programlarý\4Bit LCD 1\dos.asm
                    dongu   0x0000ab    program     static D:\Yeni Klasör\100micro çalýþmalar\LCD Programlarý\4Bit LCD 1\dos.asm
                   dongu0   0x00009f    program     static D:\Yeni Klasör\100micro çalýþmalar\LCD Programlarý\4Bit LCD 1\dos.asm
                   dongu1   0x0000a1    program     static D:\Yeni Klasör\100micro çalýþmalar\LCD Programlarý\4Bit LCD 1\dos.asm
                   dongu2   0x0000a3    program     static D:\Yeni Klasör\100micro çalýþmalar\LCD Programlarý\4Bit LCD 1\dos.asm
                   dongu3   0x0000af    program     static D:\Yeni Klasör\100micro çalýþmalar\LCD Programlarý\4Bit LCD 1\dos.asm
                   dongu4   0x0000b1    program     static D:\Yeni Klasör\100micro çalýþmalar\LCD Programlarý\4Bit LCD 1\dos.asm
          gecikme_mikrosn   0x0000aa    program     static D:\Yeni Klasör\100micro çalýþmalar\LCD Programlarý\4Bit LCD 1\dos.asm
           gecikme_milisn   0x0000ae    program     static D:\Yeni Klasör\100micro çalýþmalar\LCD Programlarý\4Bit LCD 1\dos.asm
               gecikme_sn   0x00009e    program     static D:\Yeni Klasör\100micro çalýþmalar\LCD Programlarý\4Bit LCD 1\dos.asm
                    kesme   0x0000b6    program     static D:\Yeni Klasör\100micro çalýþmalar\LCD Programlarý\4Bit LCD 1\dos.asm
                 mesajlar   0x000005    program     static D:\Yeni Klasör\100micro çalýþmalar\LCD Programlarý\4Bit LCD 1\dos.asm
                     msg0   0x000006    program     static D:\Yeni Klasör\100micro çalýþmalar\LCD Programlarý\4Bit LCD 1\dos.asm
                     msg1   0x00000e    program     static D:\Yeni Klasör\100micro çalýþmalar\LCD Programlarý\4Bit LCD 1\dos.asm
                     msg2   0x000016    program     static D:\Yeni Klasör\100micro çalýþmalar\LCD Programlarý\4Bit LCD 1\dos.asm



                              Symbols - Sorted by Address
                     Name    Address   Location    Storage File                     
                ---------  ---------  ---------  --------- ---------                
                 mesajlar   0x000005    program     static D:\Yeni Klasör\100micro çalýþmalar\LCD Programlarý\4Bit LCD 1\dos.asm
                     msg0   0x000006    program     static D:\Yeni Klasör\100micro çalýþmalar\LCD Programlarý\4Bit LCD 1\dos.asm
                     msg1   0x00000e    program     static D:\Yeni Klasör\100micro çalýþmalar\LCD Programlarý\4Bit LCD 1\dos.asm
                     msg2   0x000016    program     static D:\Yeni Klasör\100micro çalýþmalar\LCD Programlarý\4Bit LCD 1\dos.asm
            LCD_NybbleOut   0x000026    program     static D:\Yeni Klasör\100micro çalýþmalar\LCD Programlarý\4Bit LCD 1\dos.asm
              LCD_SendCmd   0x000035    program     static D:\Yeni Klasör\100micro çalýþmalar\LCD Programlarý\4Bit LCD 1\dos.asm
             LCD_SendCHAR   0x000041    program     static D:\Yeni Klasör\100micro çalýþmalar\LCD Programlarý\4Bit LCD 1\dos.asm
                LCD_Clear   0x00004d    program     static D:\Yeni Klasör\100micro çalýþmalar\LCD Programlarý\4Bit LCD 1\dos.asm
             LCD_CursorOn   0x000052    program     static D:\Yeni Klasör\100micro çalýþmalar\LCD Programlarý\4Bit LCD 1\dos.asm
            LCD_CursorOff   0x000055    program     static D:\Yeni Klasör\100micro çalýþmalar\LCD Programlarý\4Bit LCD 1\dos.asm
                 LCD_init   0x000058    program     static D:\Yeni Klasör\100micro çalýþmalar\LCD Programlarý\4Bit LCD 1\dos.asm
          LCD_SendMessage   0x00008e    program     static D:\Yeni Klasör\100micro çalýþmalar\LCD Programlarý\4Bit LCD 1\dos.asm
                 LCD_SMsg   0x00008f    program     static D:\Yeni Klasör\100micro çalýþmalar\LCD Programlarý\4Bit LCD 1\dos.asm
               LCD_SetPos   0x000097    program     static D:\Yeni Klasör\100micro çalýþmalar\LCD Programlarý\4Bit LCD 1\dos.asm
               gecikme_sn   0x00009e    program     static D:\Yeni Klasör\100micro çalýþmalar\LCD Programlarý\4Bit LCD 1\dos.asm
                   dongu0   0x00009f    program     static D:\Yeni Klasör\100micro çalýþmalar\LCD Programlarý\4Bit LCD 1\dos.asm
                   dongu1   0x0000a1    program     static D:\Yeni Klasör\100micro çalýþmalar\LCD Programlarý\4Bit LCD 1\dos.asm
                   dongu2   0x0000a3    program     static D:\Yeni Klasör\100micro çalýþmalar\LCD Programlarý\4Bit LCD 1\dos.asm
          gecikme_mikrosn   0x0000aa    program     static D:\Yeni Klasör\100micro çalýþmalar\LCD Programlarý\4Bit LCD 1\dos.asm
                    dongu   0x0000ab    program     static D:\Yeni Klasör\100micro çalýþmalar\LCD Programlarý\4Bit LCD 1\dos.asm
           gecikme_milisn   0x0000ae    program     static D:\Yeni Klasör\100micro çalýþmalar\LCD Programlarý\4Bit LCD 1\dos.asm
                   dongu3   0x0000af    program     static D:\Yeni Klasör\100micro çalýþmalar\LCD Programlarý\4Bit LCD 1\dos.asm
                   dongu4   0x0000b1    program     static D:\Yeni Klasör\100micro çalýþmalar\LCD Programlarý\4Bit LCD 1\dos.asm
                    kesme   0x0000b6    program     static D:\Yeni Klasör\100micro çalýþmalar\LCD Programlarý\4Bit LCD 1\dos.asm
               anaprogram   0x0000b7    program     static D:\Yeni Klasör\100micro çalýþmalar\LCD Programlarý\4Bit LCD 1\dos.asm
                   Ana_j0   0x0000b8    program     static D:\Yeni Klasör\100micro çalýþmalar\LCD Programlarý\4Bit LCD 1\dos.asm


