MPLINK 4.35, Linker
Linker Map File - Created Fri Dec 03 11:51:55 2010

                                 Section Info
                  Section       Type    Address   Location Size(Bytes)
                ---------  ---------  ---------  ---------  ---------
                   .org_0       code   0x000000    program   0x000002
                   .org_1       code   0x000004    program   0x000034
                   .cinit    romdata   0x001800    program   0x000004



                              Program Memory Usage 
                               Start         End      
                           ---------   ---------      
                            0x000000    0x000000      
                            0x000004    0x00001d      
                            0x001800    0x001801      
            29 out of 8453 program addresses used, program memory utilization is 0%



                              Symbols - Sorted by Name
                     Name    Address   Location    Storage File                     
                ---------  ---------  ---------  --------- ---------                
              ana_program   0x000005    program     static C:\Users\Harun\Desktop\PIC\deneme12\Untitled.asm
                    kesme   0x000014    program     static C:\Users\Harun\Desktop\PIC\deneme12\Untitled.asm
                      son   0x000013    program     static C:\Users\Harun\Desktop\PIC\deneme12\Untitled.asm



                              Symbols - Sorted by Address
                     Name    Address   Location    Storage File                     
                ---------  ---------  ---------  --------- ---------                
              ana_program   0x000005    program     static C:\Users\Harun\Desktop\PIC\deneme12\Untitled.asm
                      son   0x000013    program     static C:\Users\Harun\Desktop\PIC\deneme12\Untitled.asm
                    kesme   0x000014    program     static C:\Users\Harun\Desktop\PIC\deneme12\Untitled.asm


