MPLINK 4.49, Linker
Linker Map File - Created Mon May 23 09:05:12 2016

                                 Section Info
                  Section       Type    Address   Location Size(Bytes)
                ---------  ---------  ---------  ---------  ---------
                   .org_0       code   0x000000    program   0x000000
                   .org_1       code   0x000000    program   0x000002
                   .org_2       code   0x000004    program   0x000026



                              Program Memory Usage 
                               Start         End      
                           ---------   ---------      
                            0x000000    0x000000      
                            0x000004    0x000016      
            20 out of 2182 program addresses used, program memory utilization is 0%



                              Symbols - Sorted by Name
                     Name    Address   Location    Storage File                     
                ---------  ---------  ---------  --------- ---------                
                      ANA   0x000005    program     static D:\MPLAB\odev2\odev2.asm 
                    DONGU   0x000011    program     static D:\MPLAB\odev2\odev2.asm 
                    KESME   0x000012    program     static D:\MPLAB\odev2\odev2.asm 



                              Symbols - Sorted by Address
                     Name    Address   Location    Storage File                     
                ---------  ---------  ---------  --------- ---------                
                      ANA   0x000005    program     static D:\MPLAB\odev2\odev2.asm 
                    DONGU   0x000011    program     static D:\MPLAB\odev2\odev2.asm 
                    KESME   0x000012    program     static D:\MPLAB\odev2\odev2.asm 


