MPLINK 4.47, Linker
Linker Map File - Created Sun Nov 04 17:35:41 2018

                                 Section Info
                  Section       Type    Address   Location Size(Bytes)
                ---------  ---------  ---------  ---------  ---------
                   .org_0       code   0x000000    program   0x000000
                   .org_1       code   0x000000    program   0x000002
                   .org_2       code   0x000004    program   0x000096
     .config_2007_ODEV3.O       code   0x002007    program   0x000002



                              Program Memory Usage 
                               Start         End      
                           ---------   ---------      
                            0x000000    0x000000      
                            0x000004    0x00004e      
                            0x002007    0x002007      
            77 out of 8454 program addresses used, program memory utilization is 0%



                              Symbols - Sorted by Name
                     Name    Address   Location    Storage File                     
                ---------  ---------  ---------  --------- ---------                
               BIRLER_BAS   0x000012    program     static C:\Users\makro\Documents\Micro\Odev3\ODEV3.asm
                    GECIK   0x000041    program     static C:\Users\makro\Documents\Micro\Odev3\ODEV3.asm
                    KESME   0x000005    program     static C:\Users\makro\Documents\Micro\Odev3\ODEV3.asm
                     MAIN   0x000021    program     static C:\Users\makro\Documents\Micro\Odev3\ODEV3.asm
                ONLAR_BAS   0x000015    program     static C:\Users\makro\Documents\Micro\Odev3\ODEV3.asm
                  SIFIRLA   0x00001d    program     static C:\Users\makro\Documents\Micro\Odev3\ODEV3.asm
                   SONSUZ   0x000032    program     static C:\Users\makro\Documents\Micro\Odev3\ODEV3.asm
                  SUPURME   0x00003f    program     static C:\Users\makro\Documents\Micro\Odev3\ODEV3.asm
                    TABLE   0x000044    program     static C:\Users\makro\Documents\Micro\Odev3\ODEV3.asm



                              Symbols - Sorted by Address
                     Name    Address   Location    Storage File                     
                ---------  ---------  ---------  --------- ---------                
                    KESME   0x000005    program     static C:\Users\makro\Documents\Micro\Odev3\ODEV3.asm
               BIRLER_BAS   0x000012    program     static C:\Users\makro\Documents\Micro\Odev3\ODEV3.asm
                ONLAR_BAS   0x000015    program     static C:\Users\makro\Documents\Micro\Odev3\ODEV3.asm
                  SIFIRLA   0x00001d    program     static C:\Users\makro\Documents\Micro\Odev3\ODEV3.asm
                     MAIN   0x000021    program     static C:\Users\makro\Documents\Micro\Odev3\ODEV3.asm
                   SONSUZ   0x000032    program     static C:\Users\makro\Documents\Micro\Odev3\ODEV3.asm
                  SUPURME   0x00003f    program     static C:\Users\makro\Documents\Micro\Odev3\ODEV3.asm
                    GECIK   0x000041    program     static C:\Users\makro\Documents\Micro\Odev3\ODEV3.asm
                    TABLE   0x000044    program     static C:\Users\makro\Documents\Micro\Odev3\ODEV3.asm


