MPLINK 4.37, Linker
Linker Map File - Created Mon Dec 27 20:39:52 2010

                                 Section Info
                  Section       Type    Address   Location Size(Bytes)
                ---------  ---------  ---------  ---------  ---------
                   .org_0       code   0x000000    program   0x000000
                   .org_1       code   0x000000    program   0x000086



                              Program Memory Usage 
                               Start         End      
                           ---------   ---------      
                            0x000000    0x000042      
            67 out of 8453 program addresses used, program memory utilization is 0%



                              Symbols - Sorted by Name
                     Name    Address   Location    Storage File                     
                ---------  ---------  ---------  --------- ---------                
               anaprogram   0x000000    program     static D:\Yeni Klasör\100micro çalýþmalar\Gecikme Programlarý\4 -- Display Sayýcý\dos.asm
                   dongu0   0x000038    program     static D:\Yeni Klasör\100micro çalýþmalar\Gecikme Programlarý\4 -- Display Sayýcý\dos.asm
                   dongu1   0x00003a    program     static D:\Yeni Klasör\100micro çalýþmalar\Gecikme Programlarý\4 -- Display Sayýcý\dos.asm
                   dongu2   0x00003c    program     static D:\Yeni Klasör\100micro çalýþmalar\Gecikme Programlarý\4 -- Display Sayýcý\dos.asm
                  gecikme   0x000037    program     static D:\Yeni Klasör\100micro çalýþmalar\Gecikme Programlarý\4 -- Display Sayýcý\dos.asm
                     yak0   0x00000e    program     static D:\Yeni Klasör\100micro çalýþmalar\Gecikme Programlarý\4 -- Display Sayýcý\dos.asm
                     yak1   0x000012    program     static D:\Yeni Klasör\100micro çalýþmalar\Gecikme Programlarý\4 -- Display Sayýcý\dos.asm
                     yak2   0x000016    program     static D:\Yeni Klasör\100micro çalýþmalar\Gecikme Programlarý\4 -- Display Sayýcý\dos.asm
                     yak3   0x00001a    program     static D:\Yeni Klasör\100micro çalýþmalar\Gecikme Programlarý\4 -- Display Sayýcý\dos.asm
                     yak4   0x00001e    program     static D:\Yeni Klasör\100micro çalýþmalar\Gecikme Programlarý\4 -- Display Sayýcý\dos.asm
                     yak5   0x000022    program     static D:\Yeni Klasör\100micro çalýþmalar\Gecikme Programlarý\4 -- Display Sayýcý\dos.asm
                     yak6   0x000026    program     static D:\Yeni Klasör\100micro çalýþmalar\Gecikme Programlarý\4 -- Display Sayýcý\dos.asm
                     yak7   0x00002a    program     static D:\Yeni Klasör\100micro çalýþmalar\Gecikme Programlarý\4 -- Display Sayýcý\dos.asm
                     yak8   0x00002e    program     static D:\Yeni Klasör\100micro çalýþmalar\Gecikme Programlarý\4 -- Display Sayýcý\dos.asm
                     yak9   0x000032    program     static D:\Yeni Klasör\100micro çalýþmalar\Gecikme Programlarý\4 -- Display Sayýcý\dos.asm



                              Symbols - Sorted by Address
                     Name    Address   Location    Storage File                     
                ---------  ---------  ---------  --------- ---------                
               anaprogram   0x000000    program     static D:\Yeni Klasör\100micro çalýþmalar\Gecikme Programlarý\4 -- Display Sayýcý\dos.asm
                     yak0   0x00000e    program     static D:\Yeni Klasör\100micro çalýþmalar\Gecikme Programlarý\4 -- Display Sayýcý\dos.asm
                     yak1   0x000012    program     static D:\Yeni Klasör\100micro çalýþmalar\Gecikme Programlarý\4 -- Display Sayýcý\dos.asm
                     yak2   0x000016    program     static D:\Yeni Klasör\100micro çalýþmalar\Gecikme Programlarý\4 -- Display Sayýcý\dos.asm
                     yak3   0x00001a    program     static D:\Yeni Klasör\100micro çalýþmalar\Gecikme Programlarý\4 -- Display Sayýcý\dos.asm
                     yak4   0x00001e    program     static D:\Yeni Klasör\100micro çalýþmalar\Gecikme Programlarý\4 -- Display Sayýcý\dos.asm
                     yak5   0x000022    program     static D:\Yeni Klasör\100micro çalýþmalar\Gecikme Programlarý\4 -- Display Sayýcý\dos.asm
                     yak6   0x000026    program     static D:\Yeni Klasör\100micro çalýþmalar\Gecikme Programlarý\4 -- Display Sayýcý\dos.asm
                     yak7   0x00002a    program     static D:\Yeni Klasör\100micro çalýþmalar\Gecikme Programlarý\4 -- Display Sayýcý\dos.asm
                     yak8   0x00002e    program     static D:\Yeni Klasör\100micro çalýþmalar\Gecikme Programlarý\4 -- Display Sayýcý\dos.asm
                     yak9   0x000032    program     static D:\Yeni Klasör\100micro çalýþmalar\Gecikme Programlarý\4 -- Display Sayýcý\dos.asm
                  gecikme   0x000037    program     static D:\Yeni Klasör\100micro çalýþmalar\Gecikme Programlarý\4 -- Display Sayýcý\dos.asm
                   dongu0   0x000038    program     static D:\Yeni Klasör\100micro çalýþmalar\Gecikme Programlarý\4 -- Display Sayýcý\dos.asm
                   dongu1   0x00003a    program     static D:\Yeni Klasör\100micro çalýþmalar\Gecikme Programlarý\4 -- Display Sayýcý\dos.asm
                   dongu2   0x00003c    program     static D:\Yeni Klasör\100micro çalýþmalar\Gecikme Programlarý\4 -- Display Sayýcý\dos.asm


