MPLINK 4.35, Linker
Linker Map File - Created Tue Nov 09 15:38:34 2010

                                 Section Info
                  Section       Type    Address   Location Size(Bytes)
                ---------  ---------  ---------  ---------  ---------
                   .org_0       code   0x000000    program   0x000002
                   .org_1       code   0x000004    program   0x000068
                   .cinit    romdata   0x001800    program   0x000004



                              Program Memory Usage 
                               Start         End      
                           ---------   ---------      
                            0x000000    0x000000      
                            0x000004    0x000037      
                            0x001800    0x001801      
            55 out of 8453 program addresses used, program memory utilization is 0%



                              Symbols - Sorted by Name
                     Name    Address   Location    Storage File                     
                ---------  ---------  ---------  --------- ---------                
              ANA_PROGRAM   0x000005    program     static E:\PIC project\ödev3\ödev3.asm
                    KESME   0x00001c    program     static E:\PIC project\ödev3\ödev3.asm
            Led0_Sonukken   0x000027    program     static E:\PIC project\ödev3\ödev3.asm
            Led1_Sonukken   0x000034    program     static E:\PIC project\ödev3\ödev3.asm
                   SONSUZ   0x00001b    program     static E:\PIC project\ödev3\ödev3.asm
             TIMER1_ÝÞLEM   0x00002b    program     static E:\PIC project\ödev3\ödev3.asm



                              Symbols - Sorted by Address
                     Name    Address   Location    Storage File                     
                ---------  ---------  ---------  --------- ---------                
              ANA_PROGRAM   0x000005    program     static E:\PIC project\ödev3\ödev3.asm
                   SONSUZ   0x00001b    program     static E:\PIC project\ödev3\ödev3.asm
                    KESME   0x00001c    program     static E:\PIC project\ödev3\ödev3.asm
            Led0_Sonukken   0x000027    program     static E:\PIC project\ödev3\ödev3.asm
             TIMER1_ÝÞLEM   0x00002b    program     static E:\PIC project\ödev3\ödev3.asm
            Led1_Sonukken   0x000034    program     static E:\PIC project\ödev3\ödev3.asm


