MPASM  5.35                         öDEV3.ASM   11-9-2010  15:38:33         PAGE  1


LOC  OBJECT CODE     LINE SOURCE TEXT
  VALUE

                      00001     list p=16F877
                      00002         include "p16F877.inc"
                      00001         LIST
                      00002 ; P16F877.INC  Standard Header File, Version 1.00    Microchip Technology, Inc.
                      00373         LIST
                      00003 
Warning[207]: Found label after column 1. (SAYAC0)
  00000025            00004     SAYAC0 equ 0x25       
Warning[207]: Found label after column 1. (SAYAC1)
  00000026            00005     SAYAC1 equ 0x26
                      00006         #define LED0 PORTC,0 ;  
                      00007         #define LED1 PORTC,1     
                      00008         ORG 0
0000   2???           00009         GOTO ANA_PROGRAM        
                      00010         ORG 4
0004   2???           00011     GOTO KESME
                      00012 
0005                  00013 ANA_PROGRAM
0005   3015           00014         MOVLW 15                 
0006   00A5           00015         MOVWF SAYAC0          
0007   3004           00016         MOVLW 4               
0008   00A6           00017         MOVWF SAYAC1           
0009   30D7           00018     MOVLW h'D7'               
000A   1683 1303      00019         BANKSEL OPTION_REG      
Message[302]: Register in operand not in bank 0.  Ensure that bank bits are correct.
000C   0081           00020         MOVWF OPTION_REG        
Message[302]: Register in operand not in bank 0.  Ensure that bank bits are correct.
000D   0187           00021     CLRF TRISC                   
000E   1283 1303      00022         BANKSEL PORTC           
0010   0187           00023     CLRF PORTC                  
0011   0181           00024         CLRF TMR0               
                      00025 
                      00026         
                      00027                               
0012   3031           00028         MOVLW h'31'                        
0013   0090           00029         MOVWF T1CON                           
                      00030                               
0014   100C           00031         BCF PIR1,TMR1IF            
0015   1683 1303      00032         BANKSEL PIE1               
Message[302]: Register in operand not in bank 0.  Ensure that bank bits are correct.
0017   140C           00033         BSF PIE1,TMR1IE           
0018   30E0           00034         MOVLW 0xE0                      
0019   008B           00035         MOVWF INTCON                
001A   1283           00036         BCF STATUS,RP0             
                      00037 
001B                  00038 SONSUZ
001B   2???           00039         GOTO SONSUZ              
                      00040 
001C                  00041 KESME
001C   1D0B           00042         BTFSS INTCON,2             
001D   2???           00043         GOTO  TIMER1_ÝÞLEM
                      00044    
001E   110B           00045     BCF INTCON,2              
MPASM  5.35                         öDEV3.ASM   11-9-2010  15:38:33         PAGE  2


LOC  OBJECT CODE     LINE SOURCE TEXT
  VALUE

001F   0BA5           00046         DECFSZ SAYAC0,1        
0020   0009           00047         RETFIE                     
0021   1C07           00048     BTFSS LED0               
0022   2???           00049         GOTO Led0_Sonukken        
0023   1007           00050     BCF LED0               
0024   3015           00051         MOVLW 15                
0025   00A5           00052         MOVWF SAYAC0          
0026   0009           00053         RETFIE                     
                      00054  
0027                  00055 Led0_Sonukken
0027   1407           00056         BSF LED0                       
0028   3015           00057     MOVLW 15               
0029   00A5           00058         MOVWF SAYAC0           
002A   0009           00059         RETFIE                     
                      00060 
                      00061 
002B                  00062 TIMER1_ÝÞLEM
002B   100C           00063         BCF PIR1,TMR1IF            
002C   0BA6           00064         DECFSZ SAYAC1,1         
002D   0009           00065         RETFIE                      
002E   1C87           00066     BTFSS LED1            
002F   2???           00067         GOTO Led1_Sonukken         
0030   1087           00068     BCF LED1               
0031   3004           00069     MOVLW 4                  
0032   00A6           00070         MOVWF SAYAC1          
0033   0009           00071         RETFIE                     
                      00072 
0034                  00073 Led1_Sonukken
0034   1487           00074     BSF LED1               
0035   3004           00075     MOVLW 4                
0036   00A6           00076         MOVWF SAYAC1           
0037   0009           00077         RETFIE 
                      00078                      
                      00079         END
MPASM  5.35                         öDEV3.ASM   11-9-2010  15:38:33         PAGE  3


SYMBOL TABLE
  LABEL                             VALUE 

ACKDT                             00000005
ACKEN                             00000004
ACKSTAT                           00000006
ADCON0                            0000001F
ADCON1                            0000009F
ADCS0                             00000006
ADCS1                             00000007
ADDEN                             00000003
ADFM                              00000007
ADIE                              00000006
ADIF                              00000006
ADON                              00000000
ADRESH                            0000001E
ADRESL                            0000009E
ANA_PROGRAM                       00000005
BCLIE                             00000003
BCLIF                             00000003
BF                                00000000
BRGH                              00000002
C                                 00000000
CCP1CON                           00000017
CCP1IE                            00000002
CCP1IF                            00000002
CCP1M0                            00000000
CCP1M1                            00000001
CCP1M2                            00000002
CCP1M3                            00000003
CCP1X                             00000005
CCP1Y                             00000004
CCP2CON                           0000001D
CCP2IE                            00000000
CCP2IF                            00000000
CCP2M0                            00000000
CCP2M1                            00000001
CCP2M2                            00000002
CCP2M3                            00000003
CCP2X                             00000005
CCP2Y                             00000004
CCPR1H                            00000016
CCPR1L                            00000015
CCPR2H                            0000001C
CCPR2L                            0000001B
CHS0                              00000003
CHS1                              00000004
CHS2                              00000005
CKE                               00000006
CKP                               00000004
CREN                              00000004
CSRC                              00000007
D                                 00000005
DATA_ADDRESS                      00000005
DC                                00000001
D_A                               00000005
MPASM  5.35                         öDEV3.ASM   11-9-2010  15:38:33         PAGE  4


SYMBOL TABLE
  LABEL                             VALUE 

EEADR                             0000010D
EEADRH                            0000010F
EECON1                            0000018C
EECON2                            0000018D
EEDATA                            0000010C
EEDATH                            0000010E
EEIE                              00000004
EEIF                              00000004
EEPGD                             00000007
F                                 00000001
FERR                              00000002
FSR                               00000004
GCEN                              00000007
GIE                               00000007
GO                                00000002
GO_DONE                           00000002
I2C_DATA                          00000005
I2C_READ                          00000002
I2C_START                         00000003
I2C_STOP                          00000004
IBF                               00000007
IBOV                              00000005
INDF                              00000000
INTCON                            0000000B
INTE                              00000004
INTEDG                            00000006
INTF                              00000001
IRP                               00000007
KESME                             0000001C
LED0                              PORTC,0
LED1                              PORTC,1
Led0_Sonukken                     00000027
Led1_Sonukken                     00000034
NOT_A                             00000005
NOT_ADDRESS                       00000005
NOT_BO                            00000000
NOT_BOR                           00000000
NOT_DONE                          00000002
NOT_PD                            00000003
NOT_POR                           00000001
NOT_RBPU                          00000007
NOT_RC8                           00000006
NOT_T1SYNC                        00000002
NOT_TO                            00000004
NOT_TX8                           00000006
NOT_W                             00000002
NOT_WRITE                         00000002
OBF                               00000006
OERR                              00000001
OPTION_REG                        00000081
P                                 00000004
PCFG0                             00000000
PCFG1                             00000001
MPASM  5.35                         öDEV3.ASM   11-9-2010  15:38:33         PAGE  5


SYMBOL TABLE
  LABEL                             VALUE 

PCFG2                             00000002
PCFG3                             00000003
PCL                               00000002
PCLATH                            0000000A
PCON                              0000008E
PEIE                              00000006
PEN                               00000002
PIE1                              0000008C
PIE2                              0000008D
PIR1                              0000000C
PIR2                              0000000D
PORTA                             00000005
PORTB                             00000006
PORTC                             00000007
PORTD                             00000008
PORTE                             00000009
PR2                               00000092
PS0                               00000000
PS1                               00000001
PS2                               00000002
PSA                               00000003
PSPIE                             00000007
PSPIF                             00000007
PSPMODE                           00000004
R                                 00000002
RBIE                              00000003
RBIF                              00000000
RC8_9                             00000006
RC9                               00000006
RCD8                              00000000
RCEN                              00000003
RCIE                              00000005
RCIF                              00000005
RCREG                             0000001A
RCSTA                             00000018
RD                                00000000
READ_WRITE                        00000002
RP0                               00000005
RP1                               00000006
RSEN                              00000001
RX9                               00000006
RX9D                              00000000
R_W                               00000002
S                                 00000003
SAYAC0                            00000025
SAYAC1                            00000026
SEN                               00000000
SMP                               00000007
SONSUZ                            0000001B
SPBRG                             00000099
SPEN                              00000007
SREN                              00000005
SSPADD                            00000093
MPASM  5.35                         öDEV3.ASM   11-9-2010  15:38:33         PAGE  6


SYMBOL TABLE
  LABEL                             VALUE 

SSPBUF                            00000013
SSPCON                            00000014
SSPCON2                           00000091
SSPEN                             00000005
SSPIE                             00000003
SSPIF                             00000003
SSPM0                             00000000
SSPM1                             00000001
SSPM2                             00000002
SSPM3                             00000003
SSPOV                             00000006
SSPSTAT                           00000094
STATUS                            00000003
SYNC                              00000004
T0CS                              00000005
T0IE                              00000005
T0IF                              00000002
T0SE                              00000004
T1CKPS0                           00000004
T1CKPS1                           00000005
T1CON                             00000010
T1INSYNC                          00000002
T1OSCEN                           00000003
T1SYNC                            00000002
T2CKPS0                           00000000
T2CKPS1                           00000001
T2CON                             00000012
TIMER1_ÝÞLEM                      0000002B
TMR0                              00000001
TMR1CS                            00000001
TMR1H                             0000000F
TMR1IE                            00000000
TMR1IF                            00000000
TMR1L                             0000000E
TMR1ON                            00000000
TMR2                              00000011
TMR2IE                            00000001
TMR2IF                            00000001
TMR2ON                            00000002
TOUTPS0                           00000003
TOUTPS1                           00000004
TOUTPS2                           00000005
TOUTPS3                           00000006
TRISA                             00000085
TRISB                             00000086
TRISC                             00000087
TRISD                             00000088
TRISE                             00000089
TRISE0                            00000000
TRISE1                            00000001
TRISE2                            00000002
TRMT                              00000001
TX8_9                             00000006
MPASM  5.35                         öDEV3.ASM   11-9-2010  15:38:33         PAGE  7


SYMBOL TABLE
  LABEL                             VALUE 

TX9                               00000006
TX9D                              00000000
TXD8                              00000000
TXEN                              00000005
TXIE                              00000004
TXIF                              00000004
TXREG                             00000019
TXSTA                             00000098
UA                                00000001
W                                 00000000
WCOL                              00000007
WR                                00000001
WREN                              00000002
WRERR                             00000003
Z                                 00000002
_BODEN_OFF                        00003FBF
_BODEN_ON                         00003FFF
_CPD_OFF                          00003FFF
_CPD_ON                           00003EFF
_CP_ALL                           00000FCF
_CP_HALF                          00001FDF
_CP_OFF                           00003FFF
_CP_UPPER_256                     00002FEF
_DEBUG_OFF                        00003FFF
_DEBUG_ON                         000037FF
_HS_OSC                           00003FFE
_LP_OSC                           00003FFC
_LVP_OFF                          00003F7F
_LVP_ON                           00003FFF
_PWRTE_OFF                        00003FFF
_PWRTE_ON                         00003FF7
_RC_OSC                           00003FFF
_WDT_OFF                          00003FFB
_WDT_ON                           00003FFF
_WRT_ENABLE_OFF                   00003DFF
_WRT_ENABLE_ON                    00003FFF
_XT_OSC                           00003FFD
__16F877                          00000001
__DEBUG                           1

Errors   :     0
Warnings :     2 reported,     0 suppressed
Messages :     3 reported,     0 suppressed

