MPLINK 4.47, Linker
Linker Map File - Created Mon Dec 24 19:47:08 2018

                                 Section Info
                  Section       Type    Address   Location Size(Bytes)
                ---------  ---------  ---------  ---------  ---------
                   .org_0       code   0x000000    program   0x000000
                   .org_1       code   0x000000    program   0x000002
                   .org_2       code   0x000004    program   0x000078



                              Program Memory Usage 
                               Start         End      
                           ---------   ---------      
                            0x000000    0x000000      
                            0x000004    0x00003f      
            61 out of 8454 program addresses used, program memory utilization is 0%



                              Symbols - Sorted by Name
                     Name    Address   Location    Storage File                     
                ---------  ---------  ---------  --------- ---------                
                     DNG1   0x000039    program     static C:\Users\makro\Desktop\usart_veri_gonderme\usart_veri_gonderme.asm
                     DNG2   0x00003b    program     static C:\Users\makro\Desktop\usart_veri_gonderme\usart_veri_gonderme.asm
                  GECIKME   0x000037    program     static C:\Users\makro\Desktop\usart_veri_gonderme\usart_veri_gonderme.asm
                    KESME   0x000008    program     static C:\Users\makro\Desktop\usart_veri_gonderme\usart_veri_gonderme.asm
                     LOOP   0x000007    program     static C:\Users\makro\Desktop\usart_veri_gonderme\usart_veri_gonderme.asm
                     MAIN   0x000005    program     static C:\Users\makro\Desktop\usart_veri_gonderme\usart_veri_gonderme.asm
                PORT_AYAR   0x00001c    program     static C:\Users\makro\Desktop\usart_veri_gonderme\usart_veri_gonderme.asm
               USART_AYAR   0x000023    program     static C:\Users\makro\Desktop\usart_veri_gonderme\usart_veri_gonderme.asm



                              Symbols - Sorted by Address
                     Name    Address   Location    Storage File                     
                ---------  ---------  ---------  --------- ---------                
                     MAIN   0x000005    program     static C:\Users\makro\Desktop\usart_veri_gonderme\usart_veri_gonderme.asm
                     LOOP   0x000007    program     static C:\Users\makro\Desktop\usart_veri_gonderme\usart_veri_gonderme.asm
                    KESME   0x000008    program     static C:\Users\makro\Desktop\usart_veri_gonderme\usart_veri_gonderme.asm
                PORT_AYAR   0x00001c    program     static C:\Users\makro\Desktop\usart_veri_gonderme\usart_veri_gonderme.asm
               USART_AYAR   0x000023    program     static C:\Users\makro\Desktop\usart_veri_gonderme\usart_veri_gonderme.asm
                  GECIKME   0x000037    program     static C:\Users\makro\Desktop\usart_veri_gonderme\usart_veri_gonderme.asm
                     DNG1   0x000039    program     static C:\Users\makro\Desktop\usart_veri_gonderme\usart_veri_gonderme.asm
                     DNG2   0x00003b    program     static C:\Users\makro\Desktop\usart_veri_gonderme\usart_veri_gonderme.asm


