MPASM  5.37                      UNTITLED.ASM   1-2-2011  17:13:54         PAGE  1


LOC  OBJECT CODE     LINE SOURCE TEXT
  VALUE

                      00001         INCLUDE "P16F877.INC"
                      00001         LIST
                      00002 ; P16F877.INC  Standard Header File, Version 1.00    Microchip Technology, Inc.
                      00373         LIST
                      00002 
                      00003         ORG 0X00
0000   2???           00004         GOTO BASLA
                      00005         ORG 0X04
0004   2???           00006         GOTO KESME
Warning[207]: Found label after column 1. (SK)
  00000021            00007         SK EQU 0X21
Warning[207]: Found label after column 1. (GOSTER)
  00000022            00008         GOSTER EQU 0X22
Warning[207]: Found label after column 1. (SAY1)
  00000033            00009         SAY1 EQU 0X33
Warning[207]: Found label after column 1. (SAY2)
  00000034            00010         SAY2 EQU 0X34
Warning[207]: Found label after column 1. (VERI)
  00000035            00011         VERI EQU 0X35
                      00012 
                      00013 
0005                  00014 BASLA:
0005   1683 1303      00015         BANKSEL TRISB
0007   30F0           00016         MOVLW 0XF0
Message[302]: Register in operand not in bank 0.  Ensure that bank bits are correct.
0008   0086           00017         MOVWF TRISB
Message[302]: Register in operand not in bank 0.  Ensure that bank bits are correct.
0009   0187           00018         CLRF TRISC
                      00019         
000A   3088           00020         MOVLW B'10001000'
000B   008B           00021         MOVWF INTCON
000C   1283 1303      00022         BANKSEL PORTC
000E   0187           00023         CLRF PORTC
000F   0186           00024         CLRF PORTB
0010   3001           00025         MOVLW 0X01
0011   00A1           00026         MOVWF SK
                      00027 
0012   3002           00028         MOVLW h'02'
0013   2???           00029         CALL KOMUT_YAZ
                      00030 
                      00031 
0014   3002           00032         MOVLW h'02'
0015   2???           00033         CALL KOMUT_YAZ
                      00034 
0016   3000           00035         MOVLW h'00'
0017   2???           00036         CALL KOMUT_YAZ
                      00037 
0018   3000           00038         MOVLW h'00'
0019   2???           00039         CALL KOMUT_YAZ
                      00040 
                      00041 
001A   300E           00042         MOVLW h'0E'
001B   2???           00043         CALL KOMUT_YAZ
MPASM  5.37                      UNTITLED.ASM   1-2-2011  17:13:54         PAGE  2


LOC  OBJECT CODE     LINE SOURCE TEXT
  VALUE

                      00044 
                      00045 
001C   3000           00046         MOVLW h'00'
001D   2???           00047         CALL KOMUT_YAZ
                      00048 
                      00049 
001E   3006           00050         MOVLW h'06'
001F   2???           00051         CALL KOMUT_YAZ
                      00052 
                      00053 
                      00054 
                      00055 
                      00056 
                      00057 
                      00058 
                      00059 
0020                  00060 SUTUN:
0020   0821           00061         MOVFW SK
0021   0086           00062         MOVWF PORTB     
0022   0DA1           00063         RLF SK,F
0023   1A21           00064         BTFSC SK,0X04
0024   2???           00065         CALL BASASAR
                      00066         
Warning[203]: Found opcode in column 1. (GOTO)
0025   2???           00067 GOTO SUTUN      
                      00068 
                      00069  
0026                  00070 KESME:
0026   1C0B           00071         BTFSS INTCON,0X00
0027   0009           00072         RETFIE 
0028   100B           00073         BCF INTCON,0X00
                      00074 
                      00075         
0029   3003           00076         MOVLW h'03'
002A   2???           00077         CALL HARF_YAZ
                      00078 
002B   0806           00079         MOVFW PORTB
002C   2???           00080         CALL HARF_YAZ
002D   0186           00081         CLRF PORTB
                      00082         
002E   0187           00083         CLRF PORTC
                      00084         
002F   0009           00085         RETFIE
                      00086 
0030                  00087 BASASAR: 
0030   3001           00088         MOVLW 0X01
0031   00A1           00089         MOVWF SK
Warning[203]: Found opcode in column 1. (RETURN)
0032   0008           00090 RETURN
                      00091 
                      00092 
                      00093 
                      00094 
MPASM  5.37                      UNTITLED.ASM   1-2-2011  17:13:54         PAGE  3


LOC  OBJECT CODE     LINE SOURCE TEXT
  VALUE

0033                  00095 KOMUT_YAZ
0033   00B5           00096         MOVWF VERI
0034   16B5           00097         BSF VERI,5
0035   1235           00098         BCF VERI,4
0036   0835           00099         MOVF VERI,W
0037   0087           00100         MOVWF PORTC
0038   2???           00101         CALL BEKLE
0039   2???           00102         CALL DISABLE
003A   2???           00103         CALL BEKLE
Warning[203]: Found opcode in column 1. (RETURN)
003B   0008           00104 RETURN
                      00105 
                      00106 
003C                  00107 HARF_YAZ
003C   00B5           00108         MOVWF VERI
003D   16B5           00109         BSF VERI,5
003E   1635           00110         BSF VERI,4
003F   0835           00111         MOVF VERI,W
0040   0087           00112         MOVWF PORTC
0041   2???           00113         CALL BEKLE
0042   2???           00114         CALL DISABLE
0043   2???           00115         CALL BEKLE
Warning[203]: Found opcode in column 1. (RETURN)
0044   0008           00116 RETURN
                      00117 
0045                  00118 BEKLE
                      00119 
0045   30FF           00120         MOVLW 0XFF
0046   00B3           00121         MOVWF SAY1
0047                  00122 D1
0047   30FF           00123         MOVLW 0XFF
0048   00B4           00124         MOVWF SAY2
0049                  00125 D2
0049   0BB4           00126         DECFSZ SAY2,F
004A   2???           00127         GOTO D2
004B   0BB3           00128         DECFSZ SAY1,F
004C   2???           00129         GOTO D1
004D   0008           00130         RETURN
                      00131 
004E                  00132 DISABLE
004E   1283 1303      00133         BANKSEL PORTC
0050   1287           00134         BCF PORTC,5
0051   1207           00135         BCF PORTC,4
0052   0008           00136         RETURN
                      00137         
                      00138 
Warning[205]: Found directive in column 1. (END)
                      00139 END
MPASM  5.37                      UNTITLED.ASM   1-2-2011  17:13:54         PAGE  4


SYMBOL TABLE
  LABEL                             VALUE 

ACKDT                             00000005
ACKEN                             00000004
ACKSTAT                           00000006
ADCON0                            0000001F
ADCON1                            0000009F
ADCS0                             00000006
ADCS1                             00000007
ADDEN                             00000003
ADFM                              00000007
ADIE                              00000006
ADIF                              00000006
ADON                              00000000
ADRESH                            0000001E
ADRESL                            0000009E
BASASAR                           00000030
BASLA                             00000005
BCLIE                             00000003
BCLIF                             00000003
BEKLE                             00000045
BF                                00000000
BRGH                              00000002
C                                 00000000
CCP1CON                           00000017
CCP1IE                            00000002
CCP1IF                            00000002
CCP1M0                            00000000
CCP1M1                            00000001
CCP1M2                            00000002
CCP1M3                            00000003
CCP1X                             00000005
CCP1Y                             00000004
CCP2CON                           0000001D
CCP2IE                            00000000
CCP2IF                            00000000
CCP2M0                            00000000
CCP2M1                            00000001
CCP2M2                            00000002
CCP2M3                            00000003
CCP2X                             00000005
CCP2Y                             00000004
CCPR1H                            00000016
CCPR1L                            00000015
CCPR2H                            0000001C
CCPR2L                            0000001B
CHS0                              00000003
CHS1                              00000004
CHS2                              00000005
CKE                               00000006
CKP                               00000004
CREN                              00000004
CSRC                              00000007
D                                 00000005
D1                                00000047
MPASM  5.37                      UNTITLED.ASM   1-2-2011  17:13:54         PAGE  5


SYMBOL TABLE
  LABEL                             VALUE 

D2                                00000049
DATA_ADDRESS                      00000005
DC                                00000001
DISABLE                           0000004E
D_A                               00000005
EEADR                             0000010D
EEADRH                            0000010F
EECON1                            0000018C
EECON2                            0000018D
EEDATA                            0000010C
EEDATH                            0000010E
EEIE                              00000004
EEIF                              00000004
EEPGD                             00000007
F                                 00000001
FERR                              00000002
FSR                               00000004
GCEN                              00000007
GIE                               00000007
GO                                00000002
GOSTER                            00000022
GO_DONE                           00000002
HARF_YAZ                          0000003C
I2C_DATA                          00000005
I2C_READ                          00000002
I2C_START                         00000003
I2C_STOP                          00000004
IBF                               00000007
IBOV                              00000005
INDF                              00000000
INTCON                            0000000B
INTE                              00000004
INTEDG                            00000006
INTF                              00000001
IRP                               00000007
KESME                             00000026
KOMUT_YAZ                         00000033
NOT_A                             00000005
NOT_ADDRESS                       00000005
NOT_BO                            00000000
NOT_BOR                           00000000
NOT_DONE                          00000002
NOT_PD                            00000003
NOT_POR                           00000001
NOT_RBPU                          00000007
NOT_RC8                           00000006
NOT_T1SYNC                        00000002
NOT_TO                            00000004
NOT_TX8                           00000006
NOT_W                             00000002
NOT_WRITE                         00000002
OBF                               00000006
OERR                              00000001
MPASM  5.37                      UNTITLED.ASM   1-2-2011  17:13:54         PAGE  6


SYMBOL TABLE
  LABEL                             VALUE 

OPTION_REG                        00000081
P                                 00000004
PCFG0                             00000000
PCFG1                             00000001
PCFG2                             00000002
PCFG3                             00000003
PCL                               00000002
PCLATH                            0000000A
PCON                              0000008E
PEIE                              00000006
PEN                               00000002
PIE1                              0000008C
PIE2                              0000008D
PIR1                              0000000C
PIR2                              0000000D
PORTA                             00000005
PORTB                             00000006
PORTC                             00000007
PORTD                             00000008
PORTE                             00000009
PR2                               00000092
PS0                               00000000
PS1                               00000001
PS2                               00000002
PSA                               00000003
PSPIE                             00000007
PSPIF                             00000007
PSPMODE                           00000004
R                                 00000002
RBIE                              00000003
RBIF                              00000000
RC8_9                             00000006
RC9                               00000006
RCD8                              00000000
RCEN                              00000003
RCIE                              00000005
RCIF                              00000005
RCREG                             0000001A
RCSTA                             00000018
RD                                00000000
READ_WRITE                        00000002
RP0                               00000005
RP1                               00000006
RSEN                              00000001
RX9                               00000006
RX9D                              00000000
R_W                               00000002
S                                 00000003
SAY1                              00000033
SAY2                              00000034
SEN                               00000000
SK                                00000021
SMP                               00000007
MPASM  5.37                      UNTITLED.ASM   1-2-2011  17:13:54         PAGE  7


SYMBOL TABLE
  LABEL                             VALUE 

SPBRG                             00000099
SPEN                              00000007
SREN                              00000005
SSPADD                            00000093
SSPBUF                            00000013
SSPCON                            00000014
SSPCON2                           00000091
SSPEN                             00000005
SSPIE                             00000003
SSPIF                             00000003
SSPM0                             00000000
SSPM1                             00000001
SSPM2                             00000002
SSPM3                             00000003
SSPOV                             00000006
SSPSTAT                           00000094
STATUS                            00000003
SUTUN                             00000020
SYNC                              00000004
T0CS                              00000005
T0IE                              00000005
T0IF                              00000002
T0SE                              00000004
T1CKPS0                           00000004
T1CKPS1                           00000005
T1CON                             00000010
T1INSYNC                          00000002
T1OSCEN                           00000003
T1SYNC                            00000002
T2CKPS0                           00000000
T2CKPS1                           00000001
T2CON                             00000012
TMR0                              00000001
TMR1CS                            00000001
TMR1H                             0000000F
TMR1IE                            00000000
TMR1IF                            00000000
TMR1L                             0000000E
TMR1ON                            00000000
TMR2                              00000011
TMR2IE                            00000001
TMR2IF                            00000001
TMR2ON                            00000002
TOUTPS0                           00000003
TOUTPS1                           00000004
TOUTPS2                           00000005
TOUTPS3                           00000006
TRISA                             00000085
TRISB                             00000086
TRISC                             00000087
TRISD                             00000088
TRISE                             00000089
TRISE0                            00000000
MPASM  5.37                      UNTITLED.ASM   1-2-2011  17:13:54         PAGE  8


SYMBOL TABLE
  LABEL                             VALUE 

TRISE1                            00000001
TRISE2                            00000002
TRMT                              00000001
TX8_9                             00000006
TX9                               00000006
TX9D                              00000000
TXD8                              00000000
TXEN                              00000005
TXIE                              00000004
TXIF                              00000004
TXREG                             00000019
TXSTA                             00000098
UA                                00000001
VERI                              00000035
W                                 00000000
WCOL                              00000007
WR                                00000001
WREN                              00000002
WRERR                             00000003
Z                                 00000002
_BODEN_OFF                        00003FBF
_BODEN_ON                         00003FFF
_CPD_OFF                          00003FFF
_CPD_ON                           00003EFF
_CP_ALL                           00000FCF
_CP_HALF                          00001FDF
_CP_OFF                           00003FFF
_CP_UPPER_256                     00002FEF
_DEBUG_OFF                        00003FFF
_DEBUG_ON                         000037FF
_HS_OSC                           00003FFE
_LP_OSC                           00003FFC
_LVP_OFF                          00003F7F
_LVP_ON                           00003FFF
_PWRTE_OFF                        00003FFF
_PWRTE_ON                         00003FF7
_RC_OSC                           00003FFF
_WDT_OFF                          00003FFB
_WDT_ON                           00003FFF
_WRT_ENABLE_OFF                   00003DFF
_WRT_ENABLE_ON                    00003FFF
_XT_OSC                           00003FFD
__16F877                          00000001
__DEBUG                           1

Errors   :     0
Warnings :    10 reported,     0 suppressed
Messages :     2 reported,     0 suppressed

