MPLINK 4.47, Linker
Linker Map File - Created Sun Dec 23 19:47:38 2018

                                 Section Info
                  Section       Type    Address   Location Size(Bytes)
                ---------  ---------  ---------  ---------  ---------
                   .org_0       code   0x000000    program   0x000000
                   .org_1       code   0x000000    program   0x000002
                   .org_2       code   0x000004    program   0x000040



                              Program Memory Usage 
                               Start         End      
                           ---------   ---------      
                            0x000000    0x000000      
                            0x000004    0x000023      
            33 out of 8454 program addresses used, program memory utilization is 0%



                              Symbols - Sorted by Name
                     Name    Address   Location    Storage File                     
                ---------  ---------  ---------  --------- ---------                
                      DON   0x000023    program     static C:\Users\makro\Desktop\Workstation\Timer0-led\timer0-led.asm
                    KESME   0x000005    program     static C:\Users\makro\Desktop\Workstation\Timer0-led\timer0-led.asm
                     MAIN   0x000010    program     static C:\Users\makro\Desktop\Workstation\Timer0-led\timer0-led.asm



                              Symbols - Sorted by Address
                     Name    Address   Location    Storage File                     
                ---------  ---------  ---------  --------- ---------                
                    KESME   0x000005    program     static C:\Users\makro\Desktop\Workstation\Timer0-led\timer0-led.asm
                     MAIN   0x000010    program     static C:\Users\makro\Desktop\Workstation\Timer0-led\timer0-led.asm
                      DON   0x000023    program     static C:\Users\makro\Desktop\Workstation\Timer0-led\timer0-led.asm


