MPLINK 4.49, Linker
Linker Map File - Created Mon May 16 23:24:31 2016

                                 Section Info
                  Section       Type    Address   Location Size(Bytes)
                ---------  ---------  ---------  ---------  ---------
                   .org_0       code   0x000000    program   0x000000
                   .org_1       code   0x000000    program   0x000002
                   .org_2       code   0x000004    program   0x00004e



                              Program Memory Usage 
                               Start         End      
                           ---------   ---------      
                            0x000000    0x000000      
                            0x000004    0x00002a      
            40 out of 2182 program addresses used, program memory utilization is 1%



                              Symbols - Sorted by Name
                     Name    Address   Location    Storage File                     
                ---------  ---------  ---------  --------- ---------                
                     DENE   0x000020    program     static D:\MPLAB\odev9\odev9.asm 
                    DONGU   0x00002a    program     static D:\MPLAB\odev9\odev9.asm 
                    KESME   0x000019    program     static D:\MPLAB\odev9\odev9.asm 
                  PROGRAM   0x000005    program     static D:\MPLAB\odev9\odev9.asm 
                      YAK   0x000024    program     static D:\MPLAB\odev9\odev9.asm 



                              Symbols - Sorted by Address
                     Name    Address   Location    Storage File                     
                ---------  ---------  ---------  --------- ---------                
                  PROGRAM   0x000005    program     static D:\MPLAB\odev9\odev9.asm 
                    KESME   0x000019    program     static D:\MPLAB\odev9\odev9.asm 
                     DENE   0x000020    program     static D:\MPLAB\odev9\odev9.asm 
                      YAK   0x000024    program     static D:\MPLAB\odev9\odev9.asm 
                    DONGU   0x00002a    program     static D:\MPLAB\odev9\odev9.asm 


