MPLINK 4.47, Linker
Linker Map File - Created Fri Dec 21 23:47:48 2018

                                 Section Info
                  Section       Type    Address   Location Size(Bytes)
                ---------  ---------  ---------  ---------  ---------
                   .org_0       code   0x000000    program   0x000000
                   .org_1       code   0x000000    program   0x000040



                              Program Memory Usage 
                               Start         End      
                           ---------   ---------      
                            0x000000    0x00001f      
            32 out of 8454 program addresses used, program memory utilization is 0%



                              Symbols - Sorted by Name
                     Name    Address   Location    Storage File                     
                ---------  ---------  ---------  --------- ---------                
                    AZALT   0x000012    program     static C:\Users\makro\Desktop\Workstation\0-9Sayici\DesimalSayici.asm
                  KONTROL   0x00000f    program     static C:\Users\makro\Desktop\Workstation\0-9Sayici\DesimalSayici.asm
                     MAIN   0x000001    program     static C:\Users\makro\Desktop\Workstation\0-9Sayici\DesimalSayici.asm
                  SIFIRLA   0x000015    program     static C:\Users\makro\Desktop\Workstation\0-9Sayici\DesimalSayici.asm
                   SONSUZ   0x00001d    program     static C:\Users\makro\Desktop\Workstation\0-9Sayici\DesimalSayici.asm
                      YAK   0x00001a    program     static C:\Users\makro\Desktop\Workstation\0-9Sayici\DesimalSayici.asm



                              Symbols - Sorted by Address
                     Name    Address   Location    Storage File                     
                ---------  ---------  ---------  --------- ---------                
                     MAIN   0x000001    program     static C:\Users\makro\Desktop\Workstation\0-9Sayici\DesimalSayici.asm
                  KONTROL   0x00000f    program     static C:\Users\makro\Desktop\Workstation\0-9Sayici\DesimalSayici.asm
                    AZALT   0x000012    program     static C:\Users\makro\Desktop\Workstation\0-9Sayici\DesimalSayici.asm
                  SIFIRLA   0x000015    program     static C:\Users\makro\Desktop\Workstation\0-9Sayici\DesimalSayici.asm
                      YAK   0x00001a    program     static C:\Users\makro\Desktop\Workstation\0-9Sayici\DesimalSayici.asm
                   SONSUZ   0x00001d    program     static C:\Users\makro\Desktop\Workstation\0-9Sayici\DesimalSayici.asm


